### задание 3
Переходим на docker docs (мануал по докеру). Ищем информацию по установке. В случае с докером имеет один из лучших мануалов.

Установка докера проводилась из оф. мануала
https://docs.docker.com/engine/install/ubuntu/#uninstall-docker-engine
Чтобы не копировать полностью комманды, опишу процесс:
1)Имеем чистый дистрибутив, но на всякий случай, для чистой установки, удаляем всё, что могло бы быть установленно по докеру.
2)Добавляем репозиторий.
3)sudo apt-get update #обновляем
4)sudo apt-get install docker-ce docker-ce-cli containerd.io docker-buildx-plugin docker-compose-plugin #устанавливаем
5)sudo docker run hello-world #проверяем.
Unable to find image 'hello-world:latest' locally
latest: Pulling from library/hello-world
2db29710123e: Pull complete 
Digest: sha256:6e8b6f026e0b9c419ea0fd02d3905dd0952ad1feea67543f525c73a0a790fefb
Status: Downloaded newer image for hello-world:latest

Hello from Docker!
This message shows that your installation appears to be working correctly.
##

6) Проверяем версии:
max@test-srv1:~$ docker compose version
Docker Compose version v2.16.0
max@test-srv1:~$ docker version
Client: Docker Engine - Community
 Version:           23.0.1

7) Cоздаём контейнер. Так как нам далее придёться работать с логами и index.html, то заранее создаем директории, заполняем index.html и добавляем через параметр -v к нашему контейнеру:
max@test-srv1:~$ mkdir -p /home/maxim/nginxtest/www
max@test-srv1:~$ mkdir -p /home/maxim/nginxtest/nginx_logs
max@test-srv1:~$ echo '<html><body>hello</body></html>' > /home/maxim/nginxtest/www/index.html
max@test-srv1:~$ sudo docker run --name nginx_test -p 8008:80 -v /home/maxim/nginxtest/www:/usr/share/nginx/html -v /home/maxim/nginxtest/nginx_logs:/var/log/nginx -d nginx
d9488512e3fc7a9c6d0d1524ff815945d41128602a9c57528117cf8cdd4c1572


max@test-srv1:~$ sudo docker ps
CONTAINER ID   IMAGE     COMMAND                  CREATED          STATUS          PORTS                                   NAMES
d9488512e3fc   nginx     "/docker-entrypoint.…"   3 minutes ago   Up 3 minutes   0.0.0.0:8008->80/tcp, :::8008->80/tcp   nginx_test

8) переходим на  localhost:8008
Welcome to nginx! #всё отлично, так же проверяем localhost:8008/index.html Видим наш "hello"

9) sudo docker exec -it d9488512e3fc /bin/bash
подключаемся к запущенному контейнеру и передаёём /bin/bash (выбрали оболочку).

10) выводим содержимое конфиг файла nginx:
root@d9488512e3fc:/# cat /etc/nginx/nginx.conf 

user  nginx;
worker_processes  auto;

error_log  /var/log/nginx/error.log notice;
pid        /var/run/nginx.pid;


events {
    worker_connections  1024;
}


http {
    include       /etc/nginx/mime.types;
    default_type  application/octet-stream;

    log_format  main  '$remote_addr - $remote_user [$time_local] "$request" '
                      '$status $body_bytes_sent "$http_referer" '
                      '"$http_user_agent" "$http_x_forwarded_for"';

    access_log  /var/log/nginx/access.log  main;

    sendfile        on;
    #tcp_nopush     on;

    keepalive_timeout  65;

    #gzip  on;

    include /etc/nginx/conf.d/*.conf;
}


11)Скопируем index.html файл из контейнера на локальный компьютер
max@test-srv1:~$ sudo docker cp d9488512e3fc:/usr/share/nginx/html/index.html ~/Desktop/index.html
Preparing to copy...
Copying from container - 512B
Copying from container - 544B
Copying from container - 1.024kB
Copying from container - 1.536kB
Successfully copied 2.048kB to /home/max/Desktop/index.html

12)
sudo docker ps -a #смотри
sudo docker stop $(docker ps -a -q) #останавливаем
sudo docker container  rm $(sudo docker ps -a -q) #удаляем

13)
#Вначале сделаем файлу права 777
chmod 777 index.html
#после этого вносим изменения
echo '<html><body>hello docker 2</body></html>' > /home/max/Desktop/index.html

14)
Создал /home/max/Desktop/html и перенес туда index.html
Создаём в любой директории docker-compose.yml и пишем туда:

version: '3'
services:
  nginx:
    image: nginx:latest
    ports:
      - "8008:80"
    volumes:
      - /home/max/Desktop/html:/usr/share/nginx/html


#запускаем
max@test-srv1:~$ sudo docker-compose up -d
Recreating project_nginx_1 ... done

# Проверяем http://localhost:8008/index.html
# видим hello docker 2 
# Всё отлично!

15) logs
max@test-srv1:~$ sudo docker logs 3e0194e729df
/docker-entrypoint.sh: /docker-entrypoint.d/ is not empty, will attempt to perform configuration
/docker-entrypoint.sh: Looking for shell scripts in /docker-entrypoint.d/
/docker-entrypoint.sh: Launching /docker-entrypoint.d/10-listen-on-ipv6-by-default.sh
10-listen-on-ipv6-by-default.sh: info: Getting the checksum of /etc/nginx/conf.d/default.conf
10-listen-on-ipv6-by-default.sh: info: Enabled listen on IPv6 in /etc/nginx/conf.d/default.conf
/docker-entrypoint.sh: Launching /docker-entrypoint.d/20-envsubst-on-templates.sh
/docker-entrypoint.sh: Launching /docker-entrypoint.d/30-tune-worker-processes.sh
/docker-entrypoint.sh: Configuration complete; ready for start up
2023/03/02 07:15:33 [notice] 1#1: using the "epoll" event method
2023/03/02 07:15:33 [notice] 1#1: nginx/1.23.3
2023/03/02 07:15:33 [notice] 1#1: built by gcc 10.2.1 20210110 (Debian 10.2.1-6) 
2023/03/02 07:15:33 [notice] 1#1: OS: Linux 5.15.0-60-generic
2023/03/02 07:15:33 [notice] 1#1: getrlimit(RLIMIT_NOFILE): 1048576:1048576
2023/03/02 07:15:33 [notice] 1#1: start worker processes
2023/03/02 07:15:33 [notice] 1#1: start worker process 29
2023/03/02 07:15:33 [notice] 1#1: start worker process 30
2023/03/02 07:15:33 [notice] 1#1: start worker process 31
2023/03/02 07:15:33 [notice] 1#1: start worker process 32
2023/03/02 07:15:33 [notice] 1#1: start worker process 33
2023/03/02 07:15:33 [notice] 1#1: start worker process 34
2023/03/02 07:15:33 [notice] 1#1: start worker process 35
2023/03/02 07:15:33 [notice] 1#1: start worker process 36
2023/03/02 07:15:33 [notice] 1#1: start worker process 37
2023/03/02 07:15:33 [notice] 1#1: start worker process 38
2023/03/02 07:15:33 [notice] 1#1: start worker process 39
2023/03/02 07:15:33 [notice] 1#1: start worker process 40
172.18.0.1 - - [02/Mar/2023:07:15:49 +0000] "GET /index.html HTTP/1.1" 200 41 "-" "Mozilla/5.0 (X11; Linux x86_64; rv:109.0) Gecko/20100101 Firefox/110.0" "-"
 
16) останавливаем и удаляем
max@test-srv1:~$ sudo docker compose down
[+] Running 2/2
 ⠿ Container project_nginx_1  Removed                                                                                0.7s
 ⠿ Network project_default    Removed                                                                                0.4s




